cargo :     Checking layer1 v0.2.0 (C:\Users\Allied 
Gaming\Documents\GitHub\L1_BlackBook)
At line:1 char:60
+ ... nts\GitHub\L1_BlackBook"; cargo check 2>&1 > 
build_errors.txt; Get-Co ...
+                               
~~~~~~~~~~~~~~~~~~~~~~~~~~~~~~~~~~~
    + CategoryInfo          : NotSpecified: (    Check 
   ing la...b\L1_BlackBook):String) [], RemoteExcepti  
  on
    + FullyQualifiedErrorId : NativeCommandError
 
warning: unused import: `std::sync::atomic::AtomicU64`
   --> src\routes_v2\rpc.rs:700:5
    |
700 | use std::sync::atomic::AtomicU64;
    |     ^^^^^^^^^^^^^^^^^^^^^^^^^^^^
    |
    = note: `#[warn(unused_imports)]` on by default

warning: unused imports: `File` and `OpenOptions`
  --> src\rpc\internal_rpc.rs:10:15
   |
10 | use std::fs::{File, OpenOptions};
   |               ^^^^  ^^^^^^^^^^^

warning: unused import: `std::path::PathBuf`
  --> src\rpc\internal_rpc.rs:11:5
   |
11 | use std::path::PathBuf;
   |     ^^^^^^^^^^^^^^^^^^

warning: unused imports: `MmapMut` and `MmapOptions`
  --> src\rpc\internal_rpc.rs:16:15
   |
16 | use memmap2::{MmapMut, MmapOptions};
   |               ^^^^^^^  ^^^^^^^^^^^

warning: unused import: `Sha256`
  --> src\consensus\fork_choice.rs:14:12
   |
14 | use sha2::{Sha256, Digest};
   |            ^^^^^^

warning: unused imports: `Duration` and `Instant`
  --> src\consensus\tower_bft.rs:25:17
   |
25 | use std::time::{Duration, Instant, SystemTime, 
UNIX_EPOCH};
   |                 ^^^^^^^^  ^^^^^^^

warning: unused imports: `SnapshotChunk` and 
`SnapshotError`
  --> src\consensus\sync.rs:25:50
   |
25 | use crate::storage::snapshot::{SnapshotManifest, 
SnapshotChunk, SnapshotError};
   |                                                  
^^^^^^^^^^^^^  ^^^^^^^^^^^^^

warning: unused import: `TransactionType`
  --> src\storage\bridge.rs:18:41
   |
18 | use crate::runtime::core::{Transaction, 
TransactionType};
   |                                         
^^^^^^^^^^^^^^^

warning: unused import: `StorageError`
  --> src\storage\bridge.rs:21:20
   |
21 |     StorageResult, StorageError,
   |                    ^^^^^^^^^^^^

warning: unused imports: `BorshDeserialize` and 
`BorshSerialize`
  --> src\storage\bridge.rs:23:13
   |
23 | use borsh::{BorshSerialize, BorshDeserialize};
   |             ^^^^^^^^^^^^^^  ^^^^^^^^^^^^^^^^

warning: unused import: `File`
  --> src\storage\snapshot.rs:18:21
   |
18 | use std::fs::{self, File};
   |                     ^^^^

warning: unused imports: `BufReader` and `BufWriter`
  --> src\storage\snapshot.rs:19:15
   |
19 | use std::io::{BufReader, BufWriter, Read, Write};
   |               ^^^^^^^^^  ^^^^^^^^^

warning: unused import: `HashSet`
  --> src\..\runtime\core.rs:14:33
   |
14 | use std::collections::{HashMap, HashSet};
   |                                 ^^^^^^^

error[E0308]: mismatched types
   --> src\routes_v2\rpc.rs:420:36
    |
420 | ...                   .find(|(_, hash)| *hash == 
blockhash)
    |                              ^^^^^^^^^
    |                              |
    |                              expected `String`, 
found `(_, _)`
    |                              expected due to this
    |
    = note: expected struct `std::string::String`
                found tuple `(_, _)`

error[E0308]: mismatched types
   --> src\routes_v2\rpc.rs:421:35
    |
421 | ...                   .map(|(slot, _)| *slot);
    |                             ^^^^^^^^^
    |                             |
    |                             expected `String`, 
found `(_, _)`
    |                             expected due to this
    |
    = note: expected struct `std::string::String`
                found tuple `(_, _)`

error[E0615]: attempted to take value of method 
`current_slot` on type `std::sync::MutexGuard<'_, 
PersistentBlockchain>`
   --> src\routes_v2\rpc.rs:429:52
    |
429 | ...                   "slot": bc.current_slot
    |                                  ^^^^^^^^^^^^ 
method, not a field
    |
help: use parentheses to call the method
    |
429 |                                         "slot": 
bc.current_slot()
    |                                                  
              ++

error[E0615]: attempted to take value of method 
`current_slot` on type `std::sync::MutexGuard<'_, 
PersistentBlockchain>`
   --> src\routes_v2\rpc.rs:467:32
    |
467 | ...                   bc.current_slot
    |                          ^^^^^^^^^^^^ method, 
not a field
    |
help: use parentheses to call the method
    |
467 |                             bc.current_slot()
    |                                            ++

error[E0277]: `&&Vec<Transaction>` is not an iterator
   --> src\routes_v2\rpc.rs:803:23
    |
803 |             for tx in &bc.pending_transactions() 
{
    |                       ^^^^^^^^^^^^^^^^^^^^^^^^^^ 
`&&Vec<Transaction>` is not an iterator
    |
    = help: the trait `Iterator` is not implemented 
for `&&Vec<Transaction>`
    = note: required for `&&Vec<Transaction>` to 
implement `IntoIterator`
help: consider removing the leading `&`-reference
    |
803 -             for tx in &bc.pending_transactions() 
{
803 +             for tx in bc.pending_transactions() {
    |

error[E0615]: attempted to take value of method 
`current_slot` on type `std::sync::MutexGuard<'_, 
PersistentBlockchain>`
    --> src\routes_v2\rpc.rs:1043:40
     |
1043 |                     "current_slot": 
bc.current_slot
     |                                        
^^^^^^^^^^^^ method, not a field
     |
help: use parentheses to call the method
     |
1043 |                     "current_slot": 
bc.current_slot()
     |                                                 
   ++

error[E0061]: this method takes 3 arguments but 4 
arguments were supplied
   --> src\routes_v2\bridge.rs:338:30
    |
338 |                     match bc.lock_tokens(
    |                              ^^^^^^^^^^^
...
342 |                         None,
    |                         ---- unexpected argument 
#4 of type `std::option::Option<_>`
    |
note: method defined here
   --> src\storage\persistent.rs:401:12
    |
401 |     pub fn lock_tokens(
    |            ^^^^^^^^^^^
help: remove the extra argument
    |
341 -                         LockPurpose::BridgeToL2,
342 -                         None,
341 +                         LockPurpose::BridgeToL2,
    |

error[E0061]: this method takes 3 arguments but 4 
arguments were supplied
   --> src\routes_v2\bridge.rs:566:30
    |
566 |                     match bc.lock_tokens(
    |                              ^^^^^^^^^^^
...
570 |                         None, // Returns to same 
wallet
    |                         ---- unexpected argument 
#4 of type `std::option::Option<_>`
    |
note: method defined here
   --> src\storage\persistent.rs:401:12
    |
401 |     pub fn lock_tokens(
    |            ^^^^^^^^^^^
help: remove the extra argument
    |
569 -                         
LockPurpose::MarketEscrow, // Credit line is market 
escrow
570 -                         None, // Returns to same 
wallet
569 +                         
LockPurpose::MarketEscrow, // Returns to same wallet
    |

warning: unused variable: `blockchain`
   --> src\routes_v2\bridge.rs:775:17
    |
775 |             let blockchain = blockchain.clone();
    |                 ^^^^^^^^^^ help: if this is 
intentional, prefix it with an underscore: 
`_blockchain`
    |
    = note: `#[warn(unused_variables)]` on by default

warning: unused variable: `l2_balance_before`
    --> src\routes_v2\bridge.rs:1004:58
     |
1004 |                 let (lock_id, credit_limit, 
total_drawn, l2_balance_before) = {
     |                                                 
         ^^^^^^^^^^^^^^^^^ help: if this is 
intentional, prefix it with an underscore: 
`_l2_balance_before`

error[E0615]: attempted to take value of method 
`current_slot` on type `std::sync::MutexGuard<'_, 
PersistentBlockchain>`
    --> src\routes_v2\bridge.rs:1170:24
     |
1170 |                     bc.current_slot
     |                        ^^^^^^^^^^^^ method, not 
a field
     |
help: use parentheses to call the method
     |
1170 |                     bc.current_slot()
     |                                    ++

error[E0070]: invalid left-hand side of assignment
   --> src\routes_v2\services.rs:213:35
    |
213 |                 bc.current_slot() = slot + 1;
    |                 ----------------- ^
    |                 |
    |                 cannot assign to this expression

error[E0070]: invalid left-hand side of assignment
   --> src\routes_v2\services.rs:245:35
    |
245 |                 bc.current_slot() = slot + 1;
    |                 ----------------- ^
    |                 |
    |                 cannot assign to this expression

error[E0599]: no method named `balances` found for 
struct `tokio::sync::RwLockWriteGuard<'_, 
EnhancedBlockchain>` in the current scope
   --> src\rpc\internal_rpc.rs:362:25
    |
362 |                     
*bc.balances().entry(addr.clone()).or_insert(0.0) += 
pnl;
    |                         ^^^^^^^^-- help: remove 
the arguments
    |                         |
    |                         field, not a method

error[E0599]: no method named `balances` found for 
struct `tokio::sync::RwLockWriteGuard<'_, 
EnhancedBlockchain>` in the current scope
   --> src\rpc\internal_rpc.rs:405:13
    |
405 |         
*bc.balances().entry(addr.clone()).or_insert(0.0) += 
amount;
    |             ^^^^^^^^-- help: remove the arguments
    |             |
    |             field, not a method

error[E0615]: attempted to take value of method 
`chain` on type `&PersistentBlockchain`
    --> src\routes_v2\rpc.rs:1215:22
     |
1215 |     for block in &bc.chain {
     |                      ^^^^^ method, not a field
     |
help: use parentheses to call the method
     |
1215 |     for block in &bc.chain() {
     |                           ++

error[E0599]: no method named `balances` found for 
struct `EnhancedBlockchain` in the current scope
   --> src\storage\persistent.rs:125:12
    |
125 |         bc.balances() = balances;
    |            ^^^^^^^^-- help: remove the arguments
    |            |
    |            field, not a method
    |
   ::: src\..\protocol\blockchain.rs:406:1
    |
406 | pub struct EnhancedBlockchain {
    | ----------------------------- method `balances` 
not found for this struct

error[E0070]: invalid left-hand side of assignment
   --> src\storage\persistent.rs:125:23
    |
125 |         bc.balances() = balances;
    |         ------------- ^
    |         |
    |         cannot assign to this expression

error[E0599]: no method named `current_slot` found for 
struct `EnhancedBlockchain` in the current scope
   --> src\storage\persistent.rs:128:12
    |
128 |         bc.current_slot() = 
storage.get_latest_slot()?;
    |            ^^^^^^^^^^^^-- help: remove the 
arguments
    |            |
    |            field, not a method
    |
   ::: src\..\protocol\blockchain.rs:406:1
    |
406 | pub struct EnhancedBlockchain {
    | ----------------------------- method 
`current_slot` not found for this struct

error[E0070]: invalid left-hand side of assignment
   --> src\storage\persistent.rs:128:27
    |
128 |         bc.current_slot() = 
storage.get_latest_slot()?;
    |         ----------------- ^
    |         |
    |         cannot assign to this expression

error[E0599]: no method named `current_slot` found for 
struct `EnhancedBlockchain` in the current scope
   --> src\storage\persistent.rs:136:65
    |
136 |         println!("   Γ£ô {} accounts, slot {}", 
account_count, bc.current_slot());
    |                                                  
               ^^^^^^^^^^^^-- help: remove the 
arguments
    |                                                  
               |
    |                                                  
               field, not a method
    |
   ::: src\..\protocol\blockchain.rs:406:1
    |
406 | pub struct EnhancedBlockchain {
    | ----------------------------- method 
`current_slot` not found for this struct

error[E0308]: mismatched types
   --> src\storage\persistent.rs:223:9
    |
222 |     pub fn recent_blockhashes(&self) -> 
&std::collections::VecDeque<String> {
    |                                         
----------------------------------- expected 
`&VecDeque<std::string::String>` because of return type
223 |         &self.inner.recent_blockhashes
    |         ^^^^^^^^^^^^^^^^^^^^^^^^^^^^^^ expected 
`&VecDeque<String>`, found `&HashMap<u64, String>`
    |
    = note: expected reference 
`&VecDeque<std::string::String>`
               found reference `&HashMap<u64, 
std::string::String>`

error[E0061]: this method takes 4 arguments but 3 
arguments were supplied
   --> src\storage\persistent.rs:407:20
    |
407 |         self.inner.lock_tokens(address, amount, 
purpose)
    |                    
^^^^^^^^^^^-------------------------- argument #4 of 
type `std::option::Option<std::string::String>` is 
missing
    |
note: method defined here
   --> src\..\protocol\blockchain.rs:768:12
    |
768 |     pub fn lock_tokens(
    |            ^^^^^^^^^^^
...
773 |         beneficiary: Option<String>,
    |         ---------------------------
help: provide the argument
    |
407 |         self.inner.lock_tokens(address, amount, 
purpose, /* std::option::Option<std::string::String> 
*/)
    |                                                  
      ++++++++++++++++++++++++++++++++++++++++++++++++

error[E0308]: mismatched types
   --> src\storage\persistent.rs:412:47
    |
412 |         self.inner.authorize_release(lock_id, 
authorizer)
    |                    -----------------          
^^^^^^^^^^ expected `SettlementProof`, found `&str`
    |                    |
    |                    arguments to this method are 
incorrect
    |
note: method defined here
   --> src\..\protocol\blockchain.rs:823:12
    |
823 |     pub fn authorize_release(
    |            ^^^^^^^^^^^^^^^^^
...
826 |         proof: SettlementProof,
    |         ----------------------

error[E0615]: attempted to take value of method 
`chain` on type `std::sync::MutexGuard<'_, 
PersistentBlockchain>`
   --> src\grpc\validator.rs:179:31
    |
179 |         let block_height = bc.chain.len() as u64;
    |                               ^^^^^ method, not 
a field
    |
help: use parentheses to call the method
    |
179 |         let block_height = bc.chain().len() as 
u64;
    |                                    ++

error[E0061]: this method takes 3 arguments but 4 
arguments were supplied
   --> src\grpc\validator.rs:293:32
    |
293 |         let lock_id = match 
bc.lock_tokens(&req.user_address, amount_bb, 
LockPurpose::BridgeToL2, None) {
    |                                ^^^^^^^^^^^       
                                                 ---- 
unexpected argument #4 of type `std::option::Option<_>`
    |
note: method defined here
   --> src\storage\persistent.rs:401:12
    |
401 |     pub fn lock_tokens(
    |            ^^^^^^^^^^^
help: remove the extra argument
    |
293 -         let lock_id = match 
bc.lock_tokens(&req.user_address, amount_bb, 
LockPurpose::BridgeToL2, None) {
293 +         let lock_id = match 
bc.lock_tokens(&req.user_address, amount_bb, 
LockPurpose::BridgeToL2) {
    |

error[E0308]: mismatched types
   --> src\grpc\validator.rs:372:60
    |
372 |         if let Err(e) = 
bc.authorize_release(&req.lock_id, proof) {
    |                            -----------------     
          ^^^^^ expected `&str`, found 
`SettlementProof`
    |                            |
    |                            arguments to this 
method are incorrect
    |
note: method defined here
   --> src\storage\persistent.rs:411:12
    |
411 |     pub fn authorize_release(&mut self, lock_id: 
&str, authorizer: &str) -> Result<(), String> {
    |            ^^^^^^^^^^^^^^^^^                     
      ----------------

error[E0615]: attempted to take value of method 
`chain` on type `std::sync::MutexGuard<'_, 
PersistentBlockchain>`
   --> src\grpc\validator.rs:526:30
    |
526 |             block_height: bc.chain.len() as u64,
    |                              ^^^^^ method, not a 
field
    |
help: use parentheses to call the method
    |
526 |             block_height: bc.chain().len() as 
u64,
    |                                   ++

error[E0615]: attempted to take value of method 
`chain` on type `std::sync::MutexGuard<'_, 
PersistentBlockchain>`
   --> src\grpc\validator.rs:540:25
    |
540 |         let height = bc.chain.len() as u64;
    |                         ^^^^^ method, not a field
    |
help: use parentheses to call the method
    |
540 |         let height = bc.chain().len() as u64;
    |                              ++

error[E0615]: attempted to take value of method 
`chain` on type `std::sync::MutexGuard<'_, 
PersistentBlockchain>`
   --> src\grpc\validator.rs:541:29
    |
541 |         let last_block = bc.chain.last();
    |                             ^^^^^ method, not a 
field
    |
help: use parentheses to call the method
    |
541 |         let last_block = bc.chain().last();
    |                                  ++

error[E0615]: attempted to take value of method 
`chain` on type `std::sync::MutexGuard<'_, 
PersistentBlockchain>`
   --> src\grpc\validator.rs:549:40
    |
549 |         let previous_blockhash = if 
bc.chain.len() > 1 {
    |                                        ^^^^^ 
method, not a field
    |
help: use parentheses to call the method
    |
549 |         let previous_blockhash = if 
bc.chain().len() > 1 {
    |                                             ++

error[E0615]: attempted to take value of method 
`chain` on type `std::sync::MutexGuard<'_, 
PersistentBlockchain>`
   --> src\grpc\validator.rs:550:16
    |
550 |             bc.chain.iter().rev().nth(1)
    |                ^^^^^ method, not a field
    |
help: use parentheses to call the method
    |
550 |             bc.chain().iter().rev().nth(1)
    |                     ++

error[E0061]: this method takes 3 arguments but 4 
arguments were supplied
   --> src\grpc\validator.rs:749:33
    |
749 |         let _lock_id = match 
bc.lock_tokens(&req.wallet_address, amount_bb, 
LockPurpose::BridgeToL2, None) {
    |                                 ^^^^^^^^^^^      
                                                    
---- unexpected argument #4 of type 
`std::option::Option<_>`
    |
note: method defined here
   --> src\storage\persistent.rs:401:12
    |
401 |     pub fn lock_tokens(
    |            ^^^^^^^^^^^
help: remove the extra argument
    |
749 -         let _lock_id = match 
bc.lock_tokens(&req.wallet_address, amount_bb, 
LockPurpose::BridgeToL2, None) {
749 +         let _lock_id = match 
bc.lock_tokens(&req.wallet_address, amount_bb, 
LockPurpose::BridgeToL2) {
    |

warning: unused import: `Digest`
  --> src\consensus\fork_choice.rs:14:20
   |
14 | use sha2::{Sha256, Digest};
   |                    ^^^^^^

warning: unused import: `Read`
  --> src\storage\snapshot.rs:19:37
   |
19 | use std::io::{BufReader, BufWriter, Read, Write};
   |                                     ^^^^

warning: unused import: `Write`
  --> src\storage\snapshot.rs:19:43
   |
19 | use std::io::{BufReader, BufWriter, Read, Write};
   |                                           ^^^^^

warning: unused variable: `message`
   --> src\consensus\p2p.rs:111:33
    |
111 |     pub fn broadcast(&mut self, message: 
NetworkMessage) {
    |                                 ^^^^^^^ help: if 
this is intentional, prefix it with an underscore: 
`_message`

warning: unused variable: `slot`
   --> src\consensus\sync.rs:429:43
    |
429 |             SyncResponse::SnapshotChunk { slot, 
chunk_index, data } => {
    |                                           ^^^^ 
help: try ignoring the field: `slot: _`

warning: unused variable: `chunk_index`
   --> src\consensus\sync.rs:429:49
    |
429 |             SyncResponse::SnapshotChunk { slot, 
chunk_index, data } => {
    |                                                 
^^^^^^^^^^^ help: try ignoring the field: 
`chunk_index: _`

warning: unused variable: `start_slot`
   --> src\consensus\sync.rs:470:21
    |
470 |                     start_slot, 
    |                     ^^^^^^^^^^ help: try 
ignoring the field: `start_slot: _`

warning: unused variable: `hash`
   --> src\consensus\sync.rs:483:39
    |
483 |             SyncResponse::Tip { slot, hash } => {
    |                                       ^^^^ help: 
try ignoring the field: `hash: _`

warning: unused variable: `total_leaves`
  --> src\storage\merkle.rs:66:53
   |
66 |     pub fn generate_proof(&self, leaf_index: 
usize, total_leaves: usize) -> Option<Vec<[u8; 32]>> {
   |                                                   
  ^^^^^^^^^^^^ help: if this is intentional, prefix it 
with an underscore: `_total_leaves`

warning: unused variable: `slot`
   --> src\storage\bridge.rs:297:9
    |
297 |         slot: u64,
    |         ^^^^ help: if this is intentional, 
prefix it with an underscore: `_slot`

warning: unused variable: `epoch`
   --> src\storage\snapshot.rs:540:51
    |
540 |     pub fn should_take_snapshot(&self, slot: 
u64, epoch: u64) -> SnapshotType {
    |                                                  
 ^^^^^ help: if this is intentional, prefix it with an 
underscore: `_epoch`

warning: unused variable: `latest`
   --> src\storage\mod.rs:741:13
    |
741 |         let latest = 
self.get_latest_slot()?.unwrap_or(0);
    |             ^^^^^^ help: if this is intentional, 
prefix it with an underscore: `_latest`

warning: unused variable: `locked`
   --> src\..\protocol\blockchain.rs:888:13
    |
888 |         let locked = 
*self.locked_balances.get(address).unwrap_or(&0.0);
    |             ^^^^^^ help: if this is intentional, 
prefix it with an underscore: `_locked`

warning: unused variable: `arc`
    --> src\..\protocol\blockchain.rs:1461:54
     |
1461 |         
Arc::try_unwrap(Self::new()).unwrap_or_else(|arc| {
     |                                                 
     ^^^ help: if this is intentional, prefix it with 
an underscore: `_arc`

warning: unused variable: `first_entry`
   --> src\..\runtime\poh_service.rs:639:41
    |
639 |         let starting_hash = if let 
Some(first_entry) = self.current_entries.first() {
    |                                         
^^^^^^^^^^^ help: if this is intentional, prefix it 
with an underscore: `_first_entry`

Some errors have detailed explanations: E0061, E0070, 
E0277, E0308, E0599, E0615.
For more information about an error, try `rustc 
--explain E0061`.
warning: `layer1` (lib) generated 30 warnings
error: could not compile `layer1` (lib) due to 31 
previous errors; 30 warnings emitted
